// Jest Snapshot v1, https://goo.gl/fbAQLP

exports[`<TripDetailContainer /> With a trip object renders correctly 1`] = `
<div>
  <TripDetail
    trip={
      Object {
        "created_by": "Danny Heard",
        "id": 1,
        "name": "New Trip",
      }
    }
  />
  <Link
    replace={false}
    to="/trips/1/edit"
  >
    <button
      className="btn btn-light"
    >
      Edit
    </button>
  </Link>
  <Link
    replace={false}
    to="/trips/1/delete"
  >
    <button
      className="btn btn-danger"
    >
      Delete Trip
    </button>
  </Link>
  <Connect(TripLocationListContainer)
    tripId={1}
  />
  <LocationAddContainer
    tripId={1}
  />
</div>
`;
