// Jest Snapshot v1, https://goo.gl/fbAQLP

exports[`<TripEditContainer /> renders correctly 1`] = `
<div
  className="card"
>
  <FormContainer
    apiFunction={[Function]}
    onSuccess={[Function]}
  >
    <TripForm
      submitLabel="Save"
      trip={Object {}}
    />
  </FormContainer>
</div>
`;
