// Jest Snapshot v1, https://goo.gl/fbAQLP

exports[`<PlaceListContainer /> renders correctly 1`] = `
<div>
  <Connect(Draggable)
    disableInteractiveElementBlocking={false}
    draggableId={1}
    index={0}
    isDragDisabled={false}
  >
    [Function]
  </Connect(Draggable)>
  <Connect(Draggable)
    disableInteractiveElementBlocking={false}
    draggableId={2}
    index={1}
    isDragDisabled={false}
  >
    [Function]
  </Connect(Draggable)>
</div>
`;
