// Jest Snapshot v1, https://goo.gl/fbAQLP

exports[`<PlacesSearchContainer /> renders correctly 1`] = `
<div
  className="places-search-container"
>
  <h3>
    Popular Places in 
    Bristol
  </h3>
  <input
    onChange={[Function]}
    placeholder="Search Places (min 3 characters)"
    type="text"
    value=""
  />
  <div>
    <select
      defaultValue=""
      id="category-select"
      onChange={[Function]}
    >
      <option
        value=""
      >
        Any Category
      </option>
    </select>
  </div>
  <DroppablePlaceListContainer
    droppableId="placeSearchContainer"
    onDrop={[Function]}
    places={Array []}
  />
</div>
`;
