// Jest Snapshot v1, https://goo.gl/fbAQLP

exports[`<PlaceListContainer /> renders correctly 1`] = `
<div
  className="places-list"
>
  <DragSource(PlaceListItem)
    onDragRemove={[Function]}
    place={
      Object {
        "id": 1,
        "imageUrl": "example.com/place1.jpg",
        "name": "Place 1",
      }
    }
  />
  <DragSource(PlaceListItem)
    onDragRemove={[Function]}
    place={
      Object {
        "id": 2,
        "imageUrl": "example.com/place2.jpg",
        "name": "Place 2",
      }
    }
  />
</div>
`;
