// Jest Snapshot v1, https://goo.gl/fbAQLP

exports[`<LocationAdd /> renders correctly 1`] = `
<Connect(ReduxFormContainer)
  action={[Function]}
  fieldErrors={Array []}
>
  <LocationForm
    location={
      Object {
        "arrivalDate": "2018-08-14",
        "department": "2018-08-18",
      }
    }
    submitLabel="Add"
  />
</Connect(ReduxFormContainer)>
`;
