// Jest Snapshot v1, https://goo.gl/fbAQLP

exports[`<TripEditContainer /> renders correctly 1`] = `
<div
  className="card"
>
  <Connect(ReduxFormContainer)
    action={[Function]}
  >
    <TripForm
      fieldErrors={Array []}
      submitLabel="Save"
      trip={Object {}}
    />
  </Connect(ReduxFormContainer)>
</div>
`;
