// Jest Snapshot v1, https://goo.gl/fbAQLP

exports[`<NavigationBar /> when authenticated renders correctly 1`] = `
<nav
  className="navbar navbar-expand-lg navbar-light bg-light"
>
  <Link
    activeclassname="active"
    className="navbar-brand"
    replace={false}
    to="/login"
  >
    Triplar
  </Link>
  <button
    aria-controls="navbarSupportedContent"
    aria-expanded="false"
    aria-label="Toggle navigation"
    className="navbar-toggler"
    data-target="#navbarSupportedContent"
    data-toggle="collapse"
    type="button"
  >
    <span
      className="navbar-toggler-icon"
    />
  </button>
  <div
    className="collapse navbar-collapse"
    id="navbarSupportedContent"
  >
    <ul
      className="navbar-nav ml-auto"
    >
      <li
        className="nav-item"
        id="login-nav-item"
      >
        <Link
          className="nav-link"
          replace={false}
          to="/login"
        >
          Login
        </Link>
      </li>
      <li
        className="nav-item"
        id="register-nav-item"
      >
        <Link
          className="nav-link"
          replace={false}
          to="/register"
        >
          Register
        </Link>
      </li>
    </ul>
  </div>
</nav>
`;

exports[`<NavigationBar /> when not authenticated renders correctly 1`] = `
<nav
  className="navbar navbar-expand-lg navbar-light bg-light"
>
  <Link
    activeclassname="active"
    className="navbar-brand"
    replace={false}
    to="/login"
  >
    Triplar
  </Link>
  <button
    aria-controls="navbarSupportedContent"
    aria-expanded="false"
    aria-label="Toggle navigation"
    className="navbar-toggler"
    data-target="#navbarSupportedContent"
    data-toggle="collapse"
    type="button"
  >
    <span
      className="navbar-toggler-icon"
    />
  </button>
  <div
    className="collapse navbar-collapse"
    id="navbarSupportedContent"
  >
    <ul
      className="navbar-nav ml-auto"
    >
      <li
        className="nav-item"
        id="login-nav-item"
      >
        <Link
          className="nav-link"
          replace={false}
          to="/login"
        >
          Login
        </Link>
      </li>
      <li
        className="nav-item"
        id="register-nav-item"
      >
        <Link
          className="nav-link"
          replace={false}
          to="/register"
        >
          Register
        </Link>
      </li>
    </ul>
  </div>
</nav>
`;
