// Jest Snapshot v1, https://goo.gl/fbAQLP

exports[`<DateFieldGroup /> renders correctly 1`] = `
<div
  className="form-group"
>
  <label />
  <input
    autoComplete="off"
    className="form-control"
    data-parse="date"
    name={undefined}
    placeholder="DD/MM/YYYY"
    required={undefined}
    type="text"
    value="31/08/2018"
  />
</div>
`;
