// Jest Snapshot v1, https://goo.gl/fbAQLP

exports[`<LocationForm /> renders correctly 1`] = `
<form>
  <NonFieldErrors
    errors={Array []}
  />
  <CitySearchFieldContainer
    name="city"
    value="Bristol, United Kingdom"
  />
  <DateFieldGroup
    label="Arrival"
    name="arrivalDate"
    onChange={[Function]}
    required={true}
    value="20/09/2011"
  />
  <DateFieldGroup
    label="Departure"
    name="departureDate"
    onChange={[Function]}
    required={true}
    value="21/09/2011"
  />
  <button
    className="btn btn-primary"
    type="submit"
  />
</form>
`;
