// Jest Snapshot v1, https://goo.gl/fbAQLP

exports[`<LocationAdd /> renders correctly 1`] = `
<Connect(ReduxFormContainer)
  action={[Function]}
  fieldErrors={Array []}
>
  <LocationForm
    location={
      Object {
        "id": 1,
      }
    }
    submitLabel="Add"
  />
</Connect(ReduxFormContainer)>
`;
