// Jest Snapshot v1, https://goo.gl/fbAQLP

exports[`<App /> when authenticated renders correctly 1`] = `
<BrowserRouter>
  <div>
    <Connect(NavigationBar) />
    <div
      className="container"
    >
      <withRouter(Connect(LoggedOutRoute))
        component={[Function]}
        path="/login"
      />
      <withRouter(Connect(LoggedOutRoute))
        component={[Function]}
        path="/register"
      />
      <withRouter(Connect(LoggedInContainer))>
        <withRouter(Connect(LoggedInRoute))
          component={[Function]}
          exact={true}
          path="/trips"
        />
        <withRouter(Connect(LoggedInRoute))
          component={[Function]}
          path="/trips/:id"
        />
      </withRouter(Connect(LoggedInContainer))>
    </div>
  </div>
</BrowserRouter>
`;

exports[`<App /> when not authenticated renders correctly 1`] = `
<BrowserRouter>
  <div>
    <Connect(NavigationBar) />
    <div
      className="container"
    >
      <withRouter(Connect(LoggedOutRoute))
        component={[Function]}
        path="/login"
      />
      <withRouter(Connect(LoggedOutRoute))
        component={[Function]}
        path="/register"
      />
      <withRouter(Connect(LoggedInContainer))>
        <withRouter(Connect(LoggedInRoute))
          component={[Function]}
          exact={true}
          path="/trips"
        />
        <withRouter(Connect(LoggedInRoute))
          component={[Function]}
          path="/trips/:id"
        />
      </withRouter(Connect(LoggedInContainer))>
    </div>
  </div>
</BrowserRouter>
`;
