// Jest Snapshot v1, https://goo.gl/fbAQLP

exports[`<App /> when authenticated renders correctly 1`] = `
<BrowserRouter>
  <div
    className="wrapper"
  >
    <HeaderUnauthenticated />
    <div
      className="content"
    >
      <Switch>
        <Route
          component={[Function]}
          exact={true}
          path="/register"
        />
        <Route
          path="/"
          render={[Function]}
        />
      </Switch>
    </div>
    <Footer />
  </div>
</BrowserRouter>
`;

exports[`<App /> when not authenticated renders correctly 1`] = `
<BrowserRouter>
  <div
    className="wrapper"
  >
    <HeaderUnauthenticated />
    <div
      className="content"
    >
      <Switch>
        <Route
          component={[Function]}
          exact={true}
          path="/register"
        />
        <Route
          path="/"
          render={[Function]}
        />
      </Switch>
    </div>
    <Footer />
  </div>
</BrowserRouter>
`;
