// Jest Snapshot v1, https://goo.gl/fbAQLP

exports[`<LoginContainer /> renders correctly 1`] = `
<div>
  <HelmetWrapper
    defer={true}
    encodeSpecialCharacters={true}
  >
    <title>
      Login | Triplar
    </title>
  </HelmetWrapper>
  <h1>
    Login
  </h1>
  <Connect(ReduxFormContainer)
    action={[MockFunction]}
  >
    <LoginForm />
  </Connect(ReduxFormContainer)>
</div>
`;
