// Jest Snapshot v1, https://goo.gl/fbAQLP

exports[`<DestinationForm /> renders correctly 1`] = `
<form
  onSubmit={undefined}
>
  <NonFieldErrors
    errors={undefined}
  />
  <CitySearchFieldContainer
    errors={undefined}
    name="city"
    value="Bristol, United Kingdom"
  />
  <DateFieldGroup
    errors={undefined}
    label="Arrival"
    name="start_date"
    required="true"
    value={undefined}
  />
  <DateFieldGroup
    errors={undefined}
    label="Departure"
    name="end_date"
    required="true"
    value={undefined}
  />
  <button
    className="btn btn-primary"
    type="submit"
  />
</form>
`;
