// Jest Snapshot v1, https://goo.gl/fbAQLP

exports[`<DestinationItinerary /> <DestinationItinerary /> renders correctly 1`] = `
<div>
  <div
    className="row"
  >
    <h3
      onClick={[Function]}
      style={
        Object {
          "color": "blue",
          "cursor": "pointer",
        }
      }
    >
      Bristol
    </h3>
    <p>
      Friday 10th August
       - 
      Sunday 12th August
    </p>
  </div>
  <p>
    Friday 10th August
  </p>
  <p>
    Saturday 11th August
  </p>
  <p>
    Sunday 12th August
  </p>
</div>
`;
