// Jest Snapshot v1, https://goo.gl/fbAQLP

exports[`<TripDetail /> with trip prop renders correctly 1`] = `
<div
  id="trip-detail"
>
  <HelmetWrapper
    defer={true}
    encodeSpecialCharacters={true}
  >
    <title>
      test | Triplar
    </title>
  </HelmetWrapper>
  <h1
    id="trip-name"
  >
    test
  </h1>
  <p>
    10th August
     - 
    12th August
  </p>
  <Link
    replace={false}
    to="/trips/1/edit"
  >
    <button
      className="btn btn-light"
    >
      Edit
    </button>
  </Link>
  <Link
    replace={false}
    to="/trips/1/delete"
  >
    <button
      className="btn btn-danger"
    >
      Delete Trip
    </button>
  </Link>
</div>
`;
