// Jest Snapshot v1, https://goo.gl/fbAQLP

exports[`<TripForm /> renders correctly 1`] = `
<form>
  <NonFieldErrors />
  <FormFieldGroup
    label="Trip Name"
    name="name"
    required={true}
    type="text"
  />
  <DateFieldGroup
    label="Start Date"
    name="startDate"
    required={true}
  />
  <DateFieldGroup
    label="End Date"
    name="endDate"
    required={true}
  />
  <button
    className="btn btn-primary"
    type="submit"
  />
</form>
`;
