// Jest Snapshot v1, https://goo.gl/fbAQLP

exports[`<TripForm /> renders correctly 1`] = `
<form>
  <NonFieldErrors />
  <FormFieldGroup
    label="Trip Name"
    name="name"
    required={true}
    type="text"
  />
  <DateFieldGroup
    label="Start Date"
    name="startDate"
    onChange={[Function]}
    required={true}
    value="02/12/2018"
  />
  <DateFieldGroup
    label="End Date"
    name="endDate"
    onChange={[Function]}
    required={true}
    value="05/12/2018"
  />
  <button
    className="btn btn-primary"
    type="submit"
  />
</form>
`;
