// Jest Snapshot v1, https://goo.gl/fbAQLP

exports[`<TripDetail /> with trip prop renders correctly 1`] = `
<div
  id="trip-detail"
>
  <h2
    id="trip-name"
  >
    test
  </h2>
  <p>
    10th August
     - 
    12th August
  </p>
  <p
    className="created-by"
  >
    Created by: 
    email@example.com
  </p>
  <p>
    Locations: 
    undefined, undefined
  </p>
</div>
`;
