// Jest Snapshot v1, https://goo.gl/fbAQLP

exports[`<TripDelete /> <TripDelete /> renders correctly 1`] = `
<Modal
  ariaHideApp={true}
  bodyOpenClassName="ReactModal__Body--open"
  closeTimeoutMS={0}
  contentLabel="Trip Test"
  isOpen={true}
  onRequestClose={[Function]}
  parentSelector={[Function]}
  portalClassName="ReactModalPortal"
  role="dialog"
  shouldCloseOnEsc={true}
  shouldCloseOnOverlayClick={true}
  shouldFocusAfterRender={true}
  shouldReturnFocusAfterClose={true}
  style={
    Object {
      "content": Object {
        "bottom": "40%",
        "left": "40%",
        "right": "40%",
        "top": "40%",
      },
    }
  }
>
  <h2>
    Delete 
    Trip Test
  </h2>
  <p>
    Are you sure you want to delete the trip '
    Trip Test
    '?
  </p>
  <button
    onClick={[Function]}
  >
    Close
  </button>
  <button
    className="btn-danger"
    onClick={[Function]}
  >
    Delete Trip
  </button>
</Modal>
`;
